npm notice run muraveivision-pro@1.0.0 npx
npm notice run tsc --noEmit
